[1/5] Simulating event (seed=0)...
[2/5] Estimating mchirp_guess from the whitened-strain f^(-8/3) fit...
      mchirp_guess = 21.23844134253563
[3/5] Finding reference waveform (likelihood maximization)...
Searching incoherent solution for GW0
Set intrinsic parameters, lnL = 207.4750145548004
Set time, lnL(H) = 118.07731869931102
Set sky location, lnL = 194.35292957472166
Set phase and distance, lnL = 194.35292957472166
Set mchirp_range = (np.float64(19.789622701763705), np.float64(117.35646182836352))
      reference-waveform fit SNR estimate: 18.67 (expect ~24.8; ~3 would mean the minimize_scalar bug is present)
[4/5] Sampling the posterior (Nautilus, n_live=1000, n_eff=2000)...
Starting the nautilus sampler...
Please report issues at github.com/johannesulf/nautilus.
Status    | Bounds | Ellipses | Networks | Calls    | f_live | N_eff | log Z    
Sampling  | 1      | 0        | 0        | 0        | 1.0000 | 0     | N/A      
Computing | 1      | 0        | 0        | 0        | 1.0000 | 0     | N/A      
Sampling  | 1      | 0        | 0        | 100      | 1.0000 | 1     | +60.32   
Computing | 1      | 0        | 0        | 100      | 1.0000 | 1     | +60.32   
Sampling  | 1      | 0        | 0        | 200      | 1.0000 | 1     | +59.71   
Computing | 1      | 0        | 0        | 200      | 1.0000 | 1     | +59.71   
Sampling  | 1      | 0        | 0        | 300      | 1.0000 | 2     | +66.51   
Computing | 1      | 0        | 0        | 300      | 1.0000 | 2     | +66.51   
Sampling  | 1      | 0        | 0        | 400      | 1.0000 | 1     | +83.46   
Computing | 1      | 0        | 0        | 400      | 1.0000 | 1     | +83.46   
Sampling  | 1      | 0        | 0        | 500      | 1.0000 | 1     | +83.25   
Computing | 1      | 0        | 0        | 500      | 1.0000 | 1     | +83.25   
Sampling  | 1      | 0        | 0        | 600      | 1.0000 | 1     | +83.07   
Computing | 1      | 0        | 0        | 600      | 1.0000 | 1     | +83.07   
Sampling  | 1      | 0        | 0        | 700      | 1.0000 | 1     | +82.91   
Computing | 1      | 0        | 0        | 700      | 1.0000 | 1     | +82.91   
Sampling  | 1      | 0        | 0        | 800      | 1.0000 | 1     | +82.79   
Computing | 1      | 0        | 0        | 800      | 1.0000 | 1     | +82.79   
Sampling  | 1      | 0        | 0        | 900      | 1.0000 | 1     | +82.68   
Computing | 1      | 0        | 0        | 900      | 1.0000 | 1     | +82.68   
Sampling  | 1      | 0        | 0        | 1000     | 1.0000 | 1     | +82.57   
Computing | 1      | 0        | 0        | 1000     | 1.0000 | 1     | +82.57   
Sampling  | 1      | 0        | 0        | 1100     | 1.0000 | 1     | +82.48   
Computing | 1      | 0        | 0        | 1100     | 1.0000 | 1     | +82.48   
Sampling  | 1      | 0        | 0        | 1200     | 1.0000 | 1     | +82.39   
Computing | 1      | 0        | 0        | 1200     | 1.0000 | 1     | +82.39   
Sampling  | 1      | 0        | 0        | 1300     | 1.0000 | 1     | +82.31   
Computing | 1      | 0        | 0        | 1300     | 1.0000 | 1     | +82.31   
Sampling  | 1      | 0        | 0        | 1400     | 1.0000 | 1     | +82.24   
Computing | 1      | 0        | 0        | 1400     | 1.0000 | 1     | +82.24   
Sampling  | 1      | 0        | 0        | 1500     | 1.0000 | 1     | +82.17   
Computing | 1      | 0        | 0        | 1500     | 1.0000 | 1     | +82.17   
Sampling  | 1      | 0        | 0        | 1600     | 1.0000 | 1     | +82.10   
Computing | 1      | 0        | 0        | 1600     | 1.0000 | 1     | +82.10   
Sampling  | 1      | 0        | 0        | 1700     | 1.0000 | 1     | +122.22  
Computing | 1      | 0        | 0        | 1700     | 1.0000 | 1     | +122.22  
Sampling  | 1      | 0        | 0        | 1800     | 1.0000 | 1     | +122.16  
Computing | 1      | 0        | 0        | 1800     | 1.0000 | 1     | +122.16  
Sampling  | 1      | 0        | 0        | 1900     | 1.0000 | 1     | +122.11  
Computing | 1      | 0        | 0        | 1900     | 1.0000 | 1     | +122.11  
Bounding  | 1      | 0        | 0        | 2000     | 1.0000 | 1     | +122.06  
Sampling  | 2      | 0        | 4        | 2000     | 1.0000 | 16    | +3.84    
Computing | 2      | 0        | 4        | 2000     | 1.0000 | 16    | +3.84    
Sampling  | 2      | 0        | 4        | 2100     | 1.0000 | 1     | +137.30  
Computing | 2      | 0        | 4        | 2100     | 1.0000 | 1     | +137.30  
Sampling  | 2      | 0        | 4        | 2200     | 1.0000 | 1     | +137.22  
Computing | 2      | 0        | 4        | 2200     | 1.0000 | 1     | +137.22  
Sampling  | 2      | 0        | 4        | 2300     | 1.0000 | 1     | +137.14  
Computing | 2      | 0        | 4        | 2300     | 1.0000 | 1     | +137.14  
Sampling  | 2      | 0        | 4        | 2400     | 1.0000 | 1     | +137.06  
Computing | 2      | 0        | 4        | 2400     | 1.0000 | 1     | +137.06  
Sampling  | 2      | 0        | 4        | 2500     | 1.0000 | 1     | +136.99  
Computing | 2      | 0        | 4        | 2500     | 1.0000 | 1     | +136.99  
Sampling  | 2      | 0        | 4        | 2600     | 1.0000 | 1     | +136.93  
Computing | 2      | 0        | 4        | 2600     | 1.0000 | 1     | +136.93  
Sampling  | 2      | 0        | 4        | 2700     | 1.0000 | 1     | +136.87  
Computing | 2      | 0        | 4        | 2700     | 1.0000 | 1     | +136.87  
Sampling  | 2      | 0        | 4        | 2800     | 1.0000 | 1     | +146.08  
Computing | 2      | 0        | 4        | 2800     | 1.0000 | 1     | +146.08  
Sampling  | 2      | 0        | 4        | 2900     | 1.0000 | 1     | +146.03  
Computing | 2      | 0        | 4        | 2900     | 1.0000 | 1     | +146.03  
Sampling  | 2      | 0        | 4        | 3000     | 1.0000 | 1     | +145.98  
Computing | 2      | 0        | 4        | 3000     | 1.0000 | 1     | +145.98  
Bounding  | 2      | 0        | 4        | 3100     | 1.0000 | 1     | +145.93  
Sampling  | 3      | 0        | 4        | 3100     | 1.0000 | 5     | +16.95   
Computing | 3      | 0        | 4        | 3100     | 1.0000 | 5     | +16.95   
Sampling  | 3      | 0        | 4        | 3200     | 1.0000 | 1     | +145.86  
Computing | 3      | 0        | 4        | 3200     | 1.0000 | 1     | +145.86  
Sampling  | 3      | 0        | 4        | 3300     | 1.0000 | 1     | +145.78  
Computing | 3      | 0        | 4        | 3300     | 1.0000 | 1     | +145.78  
Sampling  | 3      | 0        | 4        | 3400     | 1.0000 | 1     | +152.55  
Computing | 3      | 0        | 4        | 3400     | 1.0000 | 1     | +152.55  
Sampling  | 3      | 0        | 4        | 3500     | 1.0000 | 1     | +152.48  
Computing | 3      | 0        | 4        | 3500     | 1.0000 | 1     | +152.48  
Sampling  | 3      | 0        | 4        | 3600     | 1.0000 | 1     | +152.42  
Computing | 3      | 0        | 4        | 3600     | 1.0000 | 1     | +152.42  
Sampling  | 3      | 0        | 4        | 3700     | 1.0000 | 1     | +152.36  
Computing | 3      | 0        | 4        | 3700     | 1.0000 | 1     | +152.36  
Sampling  | 3      | 0        | 4        | 3800     | 1.0000 | 1     | +152.30  
Computing | 3      | 0        | 4        | 3800     | 1.0000 | 1     | +152.30  
Sampling  | 3      | 0        | 4        | 3900     | 1.0000 | 1     | +152.23  
Computing | 3      | 0        | 4        | 3900     | 1.0000 | 1     | +152.23  
Sampling  | 3      | 0        | 4        | 4000     | 1.0000 | 1     | +152.18  
Computing | 3      | 0        | 4        | 4000     | 1.0000 | 1     | +152.18  
Sampling  | 3      | 0        | 4        | 4100     | 1.0000 | 1     | +152.17  
Computing | 3      | 0        | 4        | 4100     | 1.0000 | 1     | +152.17  
Bounding  | 3      | 0        | 4        | 4200     | 1.0000 | 1     | +152.12  
Sampling  | 4      | 1        | 4        | 4200     | 1.0000 | 1     | +30.74   
Computing | 4      | 1        | 4        | 4200     | 1.0000 | 1     | +30.74   
Sampling  | 4      | 1        | 4        | 4300     | 1.0000 | 1     | +151.97  
Computing | 4      | 1        | 4        | 4300     | 1.0000 | 1     | +151.97  
Sampling  | 4      | 1        | 4        | 4400     | 1.0000 | 1     | +151.89  
Computing | 4      | 1        | 4        | 4400     | 1.0000 | 1     | +151.89  
Sampling  | 4      | 1        | 4        | 4500     | 1.0000 | 1     | +151.81  
Computing | 4      | 1        | 4        | 4500     | 1.0000 | 1     | +151.81  
Sampling  | 4      | 1        | 4        | 4600     | 1.0000 | 1     | +151.76  
Computing | 4      | 1        | 4        | 4600     | 1.0000 | 1     | +151.76  
Sampling  | 4      | 1        | 4        | 4700     | 1.0000 | 1     | +151.69  
Computing | 4      | 1        | 4        | 4700     | 1.0000 | 1     | +151.69  
Sampling  | 4      | 1        | 4        | 4800     | 1.0000 | 1     | +151.63  
Computing | 4      | 1        | 4        | 4800     | 1.0000 | 1     | +151.63  
Sampling  | 4      | 1        | 4        | 4900     | 1.0000 | 1     | +151.57  
Computing | 4      | 1        | 4        | 4900     | 1.0000 | 1     | +151.57  
Sampling  | 4      | 1        | 4        | 5000     | 1.0000 | 1     | +151.52  
Computing | 4      | 1        | 4        | 5000     | 1.0000 | 1     | +151.52  
Sampling  | 4      | 1        | 4        | 5100     | 1.0000 | 1     | +151.46  
Computing | 4      | 1        | 4        | 5100     | 1.0000 | 1     | +151.46  
Sampling  | 4      | 1        | 4        | 5200     | 1.0000 | 1     | +151.41  
Computing | 4      | 1        | 4        | 5200     | 1.0000 | 1     | +151.41  
Bounding  | 4      | 1        | 4        | 5300     | 1.0000 | 1     | +151.36  
Sampling  | 5      | 1        | 4        | 5300     | 1.0000 | 7     | +37.44   
Computing | 5      | 1        | 4        | 5300     | 1.0000 | 7     | +37.44   
Sampling  | 5      | 1        | 4        | 5400     | 1.0000 | 1     | +151.26  
Computing | 5      | 1        | 4        | 5400     | 1.0000 | 1     | +151.26  
Sampling  | 5      | 1        | 4        | 5500     | 1.0000 | 1     | +151.19  
Computing | 5      | 1        | 4        | 5500     | 1.0000 | 1     | +151.19  
Sampling  | 5      | 1        | 4        | 5600     | 1.0000 | 1     | +151.11  
Computing | 5      | 1        | 4        | 5600     | 1.0000 | 1     | +151.11  
Sampling  | 5      | 1        | 4        | 5700     | 1.0000 | 1     | +151.04  
Computing | 5      | 1        | 4        | 5700     | 1.0000 | 1     | +151.04  
Sampling  | 5      | 1        | 4        | 5800     | 1.0000 | 1     | +150.97  
Computing | 5      | 1        | 4        | 5800     | 1.0000 | 1     | +150.97  
Sampling  | 5      | 1        | 4        | 5900     | 1.0000 | 1     | +150.91  
Computing | 5      | 1        | 4        | 5900     | 1.0000 | 1     | +150.91  
Sampling  | 5      | 1        | 4        | 6000     | 1.0000 | 1     | +150.86  
Computing | 5      | 1        | 4        | 6000     | 1.0000 | 1     | +150.86  
Sampling  | 5      | 1        | 4        | 6100     | 1.0000 | 1     | +150.80  
Computing | 5      | 1        | 4        | 6100     | 1.0000 | 1     | +150.80  
Sampling  | 5      | 1        | 4        | 6200     | 1.0000 | 1     | +150.75  
Computing | 5      | 1        | 4        | 6200     | 1.0000 | 1     | +150.75  
Sampling  | 5      | 1        | 4        | 6300     | 1.0000 | 1     | +150.70  
Computing | 5      | 1        | 4        | 6300     | 1.0000 | 1     | +150.70  
Bounding  | 5      | 1        | 4        | 6400     | 1.0000 | 1     | +150.66  
Sampling  | 6      | 1        | 4        | 6400     | 1.0000 | 2     | +49.72   
Computing | 6      | 1        | 4        | 6400     | 1.0000 | 2     | +49.72   
Sampling  | 6      | 1        | 4        | 6500     | 1.0000 | 1     | +150.62  
Computing | 6      | 1        | 4        | 6500     | 1.0000 | 1     | +150.62  
Sampling  | 6      | 1        | 4        | 6600     | 1.0000 | 1     | +157.54  
Computing | 6      | 1        | 4        | 6600     | 1.0000 | 1     | +157.54  
Sampling  | 6      | 1        | 4        | 6700     | 1.0000 | 1     | +157.45  
Computing | 6      | 1        | 4        | 6700     | 1.0000 | 1     | +157.45  
Sampling  | 6      | 1        | 4        | 6800     | 1.0000 | 1     | +157.39  
Computing | 6      | 1        | 4        | 6800     | 1.0000 | 1     | +157.39  
Sampling  | 6      | 1        | 4        | 6900     | 1.0000 | 2     | +158.35  
Computing | 6      | 1        | 4        | 6900     | 1.0000 | 2     | +158.35  
Sampling  | 6      | 1        | 4        | 7000     | 1.0000 | 2     | +158.30  
Computing | 6      | 1        | 4        | 7000     | 1.0000 | 2     | +158.30  
Sampling  | 6      | 1        | 4        | 7100     | 1.0000 | 2     | +158.24  
Computing | 6      | 1        | 4        | 7100     | 1.0000 | 2     | +158.24  
Sampling  | 6      | 1        | 4        | 7200     | 1.0000 | 2     | +158.19  
Computing | 6      | 1        | 4        | 7200     | 1.0000 | 2     | +158.19  
Sampling  | 6      | 1        | 4        | 7300     | 1.0000 | 2     | +158.14  
Computing | 6      | 1        | 4        | 7300     | 1.0000 | 2     | +158.14  
Sampling  | 6      | 1        | 4        | 7400     | 1.0000 | 2     | +158.08  
Computing | 6      | 1        | 4        | 7400     | 1.0000 | 2     | +158.08  
Sampling  | 6      | 1        | 4        | 7500     | 1.0000 | 2     | +158.03  
Computing | 6      | 1        | 4        | 7500     | 1.0000 | 2     | +158.03  
Bounding  | 6      | 1        | 4        | 7600     | 1.0000 | 2     | +157.99  
Sampling  | 7      | 1        | 4        | 7600     | 1.0000 | 10    | +55.66   
Computing | 7      | 1        | 4        | 7600     | 1.0000 | 10    | +55.66   
Sampling  | 7      | 1        | 4        | 7700     | 1.0000 | 2     | +157.89  
Computing | 7      | 1        | 4        | 7700     | 1.0000 | 2     | +157.89  
Sampling  | 7      | 1        | 4        | 7800     | 1.0000 | 3     | +157.99  
Computing | 7      | 1        | 4        | 7800     | 1.0000 | 3     | +157.99  
Sampling  | 7      | 1        | 4        | 7900     | 1.0000 | 3     | +157.93  
Computing | 7      | 1        | 4        | 7900     | 1.0000 | 3     | +157.93  
Sampling  | 7      | 1        | 4        | 8000     | 1.0000 | 3     | +157.88  
Computing | 7      | 1        | 4        | 8000     | 1.0000 | 3     | +157.88  
Sampling  | 7      | 1        | 4        | 8100     | 1.0000 | 3     | +157.84  
Computing | 7      | 1        | 4        | 8100     | 1.0000 | 3     | +157.84  
Sampling  | 7      | 1        | 4        | 8200     | 1.0000 | 3     | +157.78  
Computing | 7      | 1        | 4        | 8200     | 1.0000 | 3     | +157.78  
Sampling  | 7      | 1        | 4        | 8300     | 1.0000 | 3     | +157.72  
Computing | 7      | 1        | 4        | 8300     | 1.0000 | 3     | +157.72  
Sampling  | 7      | 1        | 4        | 8400     | 1.0000 | 3     | +157.67  
Computing | 7      | 1        | 4        | 8400     | 1.0000 | 3     | +157.67  
Sampling  | 7      | 1        | 4        | 8500     | 1.0000 | 3     | +157.62  
Computing | 7      | 1        | 4        | 8500     | 1.0000 | 3     | +157.62  
Sampling  | 7      | 1        | 4        | 8600     | 1.0000 | 3     | +157.57  
Computing | 7      | 1        | 4        | 8600     | 1.0000 | 3     | +157.57  
Sampling  | 7      | 1        | 4        | 8700     | 1.0000 | 3     | +157.52  
Computing | 7      | 1        | 4        | 8700     | 1.0000 | 3     | +157.52  
Sampling  | 7      | 1        | 4        | 8800     | 1.0000 | 3     | +157.48  
Computing | 7      | 1        | 4        | 8800     | 1.0000 | 3     | +157.48  
Bounding  | 7      | 1        | 4        | 8900     | 1.0000 | 3     | +157.44  
Sampling  | 8      | 1        | 4        | 8900     | 0.9999 | 10    | +62.33   
Computing | 8      | 1        | 4        | 8900     | 0.9999 | 10    | +62.33   
Sampling  | 8      | 1        | 4        | 9000     | 1.0000 | 4     | +157.66  
Computing | 8      | 1        | 4        | 9000     | 1.0000 | 4     | +157.66  
Sampling  | 8      | 1        | 4        | 9100     | 1.0000 | 4     | +157.67  
Computing | 8      | 1        | 4        | 9100     | 1.0000 | 4     | +157.67  
Sampling  | 8      | 1        | 4        | 9200     | 1.0000 | 3     | +158.44  
Computing | 8      | 1        | 4        | 9200     | 1.0000 | 3     | +158.44  
Sampling  | 8      | 1        | 4        | 9300     | 1.0000 | 3     | +158.36  
Computing | 8      | 1        | 4        | 9300     | 1.0000 | 3     | +158.36  
Sampling  | 8      | 1        | 4        | 9400     | 1.0000 | 3     | +158.29  
Computing | 8      | 1        | 4        | 9400     | 1.0000 | 3     | +158.29  
Sampling  | 8      | 1        | 4        | 9500     | 1.0000 | 3     | +158.22  
Computing | 8      | 1        | 4        | 9500     | 1.0000 | 3     | +158.22  
Sampling  | 8      | 1        | 4        | 9600     | 1.0000 | 3     | +158.17  
Computing | 8      | 1        | 4        | 9600     | 1.0000 | 3     | +158.17  
Sampling  | 8      | 1        | 4        | 9700     | 1.0000 | 3     | +158.11  
Computing | 8      | 1        | 4        | 9700     | 1.0000 | 3     | +158.11  
Sampling  | 8      | 1        | 4        | 9800     | 1.0000 | 3     | +158.07  
Computing | 8      | 1        | 4        | 9800     | 1.0000 | 3     | +158.07  
Sampling  | 8      | 1        | 4        | 9900     | 1.0000 | 3     | +158.03  
Computing | 8      | 1        | 4        | 9900     | 1.0000 | 3     | +158.03  
Sampling  | 8      | 1        | 4        | 10000    | 1.0000 | 3     | +157.98  
Computing | 8      | 1        | 4        | 10000    | 1.0000 | 3     | +157.98  
Sampling  | 8      | 1        | 4        | 10100    | 1.0000 | 3     | +157.93  
Computing | 8      | 1        | 4        | 10100    | 1.0000 | 3     | +157.93  
Bounding  | 8      | 1        | 4        | 10200    | 1.0000 | 3     | +157.89  
Sampling  | 9      | 1        | 4        | 10200    | 1.0000 | 1     | +69.86   
Computing | 9      | 1        | 4        | 10200    | 1.0000 | 1     | +69.86   
Sampling  | 9      | 1        | 4        | 10300    | 1.0000 | 3     | +157.81  
Computing | 9      | 1        | 4        | 10300    | 1.0000 | 3     | +157.81  
Sampling  | 9      | 1        | 4        | 10400    | 1.0000 | 3     | +157.74  
Computing | 9      | 1        | 4        | 10400    | 1.0000 | 3     | +157.74  
Sampling  | 9      | 1        | 4        | 10500    | 1.0000 | 3     | +157.66  
Computing | 9      | 1        | 4        | 10500    | 1.0000 | 3     | +157.66  
Sampling  | 9      | 1        | 4        | 10600    | 1.0000 | 3     | +157.59  
Computing | 9      | 1        | 4        | 10600    | 1.0000 | 3     | +157.59  
Sampling  | 9      | 1        | 4        | 10700    | 1.0000 | 3     | +157.53  
Computing | 9      | 1        | 4        | 10700    | 1.0000 | 3     | +157.53  
Sampling  | 9      | 1        | 4        | 10800    | 1.0000 | 3     | +157.52  
Computing | 9      | 1        | 4        | 10800    | 1.0000 | 3     | +157.52  
Sampling  | 9      | 1        | 4        | 10900    | 1.0000 | 3     | +157.46  
Computing | 9      | 1        | 4        | 10900    | 1.0000 | 3     | +157.46  
Sampling  | 9      | 1        | 4        | 11000    | 1.0000 | 4     | +157.50  
Computing | 9      | 1        | 4        | 11000    | 1.0000 | 4     | +157.50  
Sampling  | 9      | 1        | 4        | 11100    | 1.0000 | 4     | +157.44  
Computing | 9      | 1        | 4        | 11100    | 1.0000 | 4     | +157.44  
Sampling  | 9      | 1        | 4        | 11200    | 1.0000 | 4     | +157.39  
Computing | 9      | 1        | 4        | 11200    | 1.0000 | 4     | +157.39  
Sampling  | 9      | 1        | 4        | 11300    | 1.0000 | 4     | +157.34  
Computing | 9      | 1        | 4        | 11300    | 1.0000 | 4     | +157.34  
Bounding  | 9      | 1        | 4        | 11400    | 1.0000 | 4     | +157.31  
Sampling  | 10     | 1        | 4        | 11400    | 1.0000 | 41    | +79.78   
Computing | 10     | 1        | 4        | 11400    | 1.0000 | 41    | +79.78   
Sampling  | 10     | 1        | 4        | 11500    | 1.0000 | 4     | +157.19  
Computing | 10     | 1        | 4        | 11500    | 1.0000 | 4     | +157.19  
Sampling  | 10     | 1        | 4        | 11600    | 1.0000 | 5     | +157.42  
Computing | 10     | 1        | 4        | 11600    | 1.0000 | 5     | +157.42  
Sampling  | 10     | 1        | 4        | 11700    | 1.0000 | 5     | +157.34  
Computing | 10     | 1        | 4        | 11700    | 1.0000 | 5     | +157.34  
Sampling  | 10     | 1        | 4        | 11800    | 1.0000 | 5     | +157.29  
Computing | 10     | 1        | 4        | 11800    | 1.0000 | 5     | +157.29  
Sampling  | 10     | 1        | 4        | 11900    | 1.0000 | 5     | +157.23  
Computing | 10     | 1        | 4        | 11900    | 1.0000 | 5     | +157.23  
Sampling  | 10     | 1        | 4        | 12000    | 1.0000 | 5     | +157.16  
Computing | 10     | 1        | 4        | 12000    | 1.0000 | 5     | +157.16  
Sampling  | 10     | 1        | 4        | 12100    | 1.0000 | 5     | +157.12  
Computing | 10     | 1        | 4        | 12100    | 1.0000 | 5     | +157.12  
Sampling  | 10     | 1        | 4        | 12200    | 1.0000 | 6     | +157.27  
Computing | 10     | 1        | 4        | 12200    | 1.0000 | 6     | +157.27  
Sampling  | 10     | 1        | 4        | 12300    | 1.0000 | 6     | +157.22  
Computing | 10     | 1        | 4        | 12300    | 1.0000 | 6     | +157.22  
Sampling  | 10     | 1        | 4        | 12400    | 1.0000 | 7     | +157.19  
Computing | 10     | 1        | 4        | 12400    | 1.0000 | 7     | +157.19  
Bounding  | 10     | 1        | 4        | 12500    | 1.0000 | 7     | +157.16  
Sampling  | 11     | 1        | 4        | 12500    | 1.0000 | 6     | +96.63   
Computing | 11     | 1        | 4        | 12500    | 1.0000 | 6     | +96.63   
Sampling  | 11     | 1        | 4        | 12600    | 1.0000 | 7     | +157.04  
Computing | 11     | 1        | 4        | 12600    | 1.0000 | 7     | +157.04  
Sampling  | 11     | 1        | 4        | 12700    | 1.0000 | 7     | +156.96  
Computing | 11     | 1        | 4        | 12700    | 1.0000 | 7     | +156.96  
Sampling  | 11     | 1        | 4        | 12800    | 1.0000 | 8     | +156.92  
Computing | 11     | 1        | 4        | 12800    | 1.0000 | 8     | +156.92  
Sampling  | 11     | 1        | 4        | 12900    | 1.0000 | 8     | +156.87  
Computing | 11     | 1        | 4        | 12900    | 1.0000 | 8     | +156.87  
Sampling  | 11     | 1        | 4        | 13000    | 1.0000 | 8     | +156.84  
Computing | 11     | 1        | 4        | 13000    | 1.0000 | 8     | +156.84  
Sampling  | 11     | 1        | 4        | 13100    | 1.0000 | 8     | +156.79  
Computing | 11     | 1        | 4        | 13100    | 1.0000 | 8     | +156.79  
Sampling  | 11     | 1        | 4        | 13200    | 1.0000 | 9     | +156.78  
Computing | 11     | 1        | 4        | 13200    | 1.0000 | 9     | +156.78  
Sampling  | 11     | 1        | 4        | 13300    | 1.0000 | 9     | +156.73  
Computing | 11     | 1        | 4        | 13300    | 1.0000 | 9     | +156.73  
Sampling  | 11     | 1        | 4        | 13400    | 1.0000 | 10    | +156.70  
Computing | 11     | 1        | 4        | 13400    | 1.0000 | 10    | +156.70  
Sampling  | 11     | 1        | 4        | 13500    | 1.0000 | 10    | +156.99  
Computing | 11     | 1        | 4        | 13500    | 1.0000 | 10    | +156.99  
Bounding  | 11     | 1        | 4        | 13600    | 1.0000 | 10    | +156.95  
Sampling  | 12     | 1        | 4        | 13600    | 1.0000 | 50    | +115.99  
Computing | 12     | 1        | 4        | 13600    | 1.0000 | 50    | +115.99  
Sampling  | 12     | 1        | 4        | 13700    | 1.0000 | 10    | +156.91  
Computing | 12     | 1        | 4        | 13700    | 1.0000 | 10    | +156.91  
Sampling  | 12     | 1        | 4        | 13800    | 1.0000 | 12    | +156.93  
Computing | 12     | 1        | 4        | 13800    | 1.0000 | 12    | +156.93  
Sampling  | 12     | 1        | 4        | 13900    | 1.0000 | 12    | +156.88  
Computing | 12     | 1        | 4        | 13900    | 1.0000 | 12    | +156.88  
Sampling  | 12     | 1        | 4        | 14000    | 1.0000 | 13    | +156.93  
Computing | 12     | 1        | 4        | 14000    | 1.0000 | 13    | +156.93  
Sampling  | 12     | 1        | 4        | 14100    | 1.0000 | 14    | +156.87  
Computing | 12     | 1        | 4        | 14100    | 1.0000 | 14    | +156.87  
Sampling  | 12     | 1        | 4        | 14200    | 1.0000 | 14    | +156.80  
Computing | 12     | 1        | 4        | 14200    | 1.0000 | 14    | +156.80  
Sampling  | 12     | 1        | 4        | 14300    | 1.0000 | 15    | +156.85  
Computing | 12     | 1        | 4        | 14300    | 1.0000 | 15    | +156.85  
Sampling  | 12     | 1        | 4        | 14400    | 1.0000 | 15    | +156.80  
Computing | 12     | 1        | 4        | 14400    | 1.0000 | 15    | +156.80  
Sampling  | 12     | 1        | 4        | 14500    | 1.0000 | 16    | +156.80  
Computing | 12     | 1        | 4        | 14500    | 1.0000 | 16    | +156.80  
Sampling  | 12     | 1        | 4        | 14600    | 1.0000 | 18    | +156.81  
Computing | 12     | 1        | 4        | 14600    | 1.0000 | 18    | +156.81  
Bounding  | 12     | 1        | 4        | 14700    | 1.0000 | 18    | +156.78  
Sampling  | 13     | 1        | 4        | 14700    | 1.0000 | 97    | +130.87  
Computing | 13     | 1        | 4        | 14700    | 1.0000 | 97    | +130.87  
Sampling  | 13     | 1        | 4        | 14800    | 1.0000 | 19    | +156.65  
Computing | 13     | 1        | 4        | 14800    | 1.0000 | 19    | +156.65  
Sampling  | 13     | 1        | 4        | 14900    | 1.0000 | 19    | +156.69  
Computing | 13     | 1        | 4        | 14900    | 1.0000 | 19    | +156.69  
Sampling  | 13     | 1        | 4        | 15000    | 1.0000 | 21    | +156.68  
Computing | 13     | 1        | 4        | 15000    | 1.0000 | 21    | +156.68  
Sampling  | 13     | 1        | 4        | 15100    | 1.0000 | 21    | +156.62  
Computing | 13     | 1        | 4        | 15100    | 1.0000 | 21    | +156.62  
Sampling  | 13     | 1        | 4        | 15200    | 1.0000 | 21    | +156.56  
Computing | 13     | 1        | 4        | 15200    | 1.0000 | 21    | +156.56  
Sampling  | 13     | 1        | 4        | 15300    | 1.0000 | 22    | +156.51  
Computing | 13     | 1        | 4        | 15300    | 1.0000 | 22    | +156.51  
Sampling  | 13     | 1        | 4        | 15400    | 1.0000 | 25    | +156.52  
Computing | 13     | 1        | 4        | 15400    | 1.0000 | 25    | +156.52  
Sampling  | 13     | 1        | 4        | 15500    | 1.0000 | 28    | +156.55  
Computing | 13     | 1        | 4        | 15500    | 1.0000 | 28    | +156.55  
Sampling  | 13     | 1        | 4        | 15600    | 1.0000 | 28    | +156.58  
Computing | 13     | 1        | 4        | 15600    | 1.0000 | 28    | +156.58  
Sampling  | 13     | 1        | 4        | 15700    | 1.0000 | 29    | +156.55  
Computing | 13     | 1        | 4        | 15700    | 1.0000 | 29    | +156.55  
Bounding  | 13     | 1        | 4        | 15800    | 1.0000 | 30    | +156.53  
Sampling  | 14     | 1        | 4        | 15800    | 0.9999 | 159   | +141.06  
Computing | 14     | 1        | 4        | 15800    | 0.9999 | 159   | +141.06  
Sampling  | 14     | 1        | 4        | 15900    | 1.0000 | 32    | +156.44  
Computing | 14     | 1        | 4        | 15900    | 1.0000 | 32    | +156.44  
Sampling  | 14     | 1        | 4        | 16000    | 1.0000 | 33    | +156.37  
Computing | 14     | 1        | 4        | 16000    | 1.0000 | 33    | +156.37  
Sampling  | 14     | 1        | 4        | 16100    | 1.0000 | 36    | +156.34  
Computing | 14     | 1        | 4        | 16100    | 1.0000 | 36    | +156.34  
Sampling  | 14     | 1        | 4        | 16200    | 1.0000 | 40    | +156.36  
Computing | 14     | 1        | 4        | 16200    | 1.0000 | 40    | +156.36  
Sampling  | 14     | 1        | 4        | 16300    | 1.0000 | 46    | +156.40  
Computing | 14     | 1        | 4        | 16300    | 1.0000 | 46    | +156.40  
Sampling  | 14     | 1        | 4        | 16400    | 1.0000 | 49    | +156.36  
Computing | 14     | 1        | 4        | 16400    | 1.0000 | 49    | +156.36  
Sampling  | 14     | 1        | 4        | 16500    | 1.0000 | 54    | +156.38  
Computing | 14     | 1        | 4        | 16500    | 1.0000 | 54    | +156.38  
Sampling  | 14     | 1        | 4        | 16600    | 1.0000 | 59    | +156.39  
Computing | 14     | 1        | 4        | 16600    | 1.0000 | 59    | +156.39  
Sampling  | 14     | 1        | 4        | 16700    | 0.9999 | 63    | +156.42  
Computing | 14     | 1        | 4        | 16700    | 0.9999 | 63    | +156.42  
Sampling  | 14     | 1        | 4        | 16800    | 0.9999 | 66    | +156.40  
Computing | 14     | 1        | 4        | 16800    | 0.9999 | 66    | +156.40  
Bounding  | 14     | 1        | 4        | 16900    | 0.9999 | 69    | +156.38  
Sampling  | 15     | 1        | 4        | 16900    | 0.9986 | 46    | +148.08  
Computing | 15     | 1        | 4        | 16900    | 0.9986 | 46    | +148.08  
Sampling  | 15     | 1        | 4        | 17000    | 0.9998 | 79    | +156.35  
Computing | 15     | 1        | 4        | 17000    | 0.9998 | 79    | +156.35  
Sampling  | 15     | 1        | 4        | 17100    | 0.9997 | 89    | +156.39  
Computing | 15     | 1        | 4        | 17100    | 0.9997 | 89    | +156.39  
Sampling  | 15     | 1        | 4        | 17200    | 0.9995 | 94    | +156.34  
Computing | 15     | 1        | 4        | 17200    | 0.9995 | 94    | +156.34  
Sampling  | 15     | 1        | 4        | 17300    | 0.9992 | 101   | +156.31  
Computing | 15     | 1        | 4        | 17300    | 0.9992 | 101   | +156.31  
Sampling  | 15     | 1        | 4        | 17400    | 0.9990 | 97    | +156.38  
Computing | 15     | 1        | 4        | 17400    | 0.9990 | 97    | +156.38  
Sampling  | 15     | 1        | 4        | 17500    | 0.9985 | 107   | +156.39  
Computing | 15     | 1        | 4        | 17500    | 0.9985 | 107   | +156.39  
Sampling  | 15     | 1        | 4        | 17600    | 0.9980 | 115   | +156.39  
Computing | 15     | 1        | 4        | 17600    | 0.9980 | 115   | +156.39  
Sampling  | 15     | 1        | 4        | 17700    | 0.9973 | 124   | +156.37  
Computing | 15     | 1        | 4        | 17700    | 0.9973 | 124   | +156.37  
Sampling  | 15     | 1        | 4        | 17800    | 0.9965 | 129   | +156.36  
Computing | 15     | 1        | 4        | 17800    | 0.9965 | 129   | +156.36  
Sampling  | 15     | 1        | 4        | 17900    | 0.9955 | 135   | +156.33  
Computing | 15     | 1        | 4        | 17900    | 0.9955 | 135   | +156.33  
Bounding  | 15     | 1        | 4        | 18000    | 0.9943 | 146   | +156.34  
Sampling  | 16     | 1        | 4        | 18000    | 0.9791 | 469   | +151.07  
Computing | 16     | 1        | 4        | 18000    | 0.9791 | 469   | +151.07  
Sampling  | 16     | 1        | 4        | 18100    | 0.9918 | 159   | +156.32  
Computing | 16     | 1        | 4        | 18100    | 0.9918 | 159   | +156.32  
Sampling  | 16     | 1        | 4        | 18200    | 0.9887 | 171   | +156.28  
Computing | 16     | 1        | 4        | 18200    | 0.9887 | 171   | +156.28  
Sampling  | 16     | 1        | 4        | 18300    | 0.9857 | 184   | +156.30  
Computing | 16     | 1        | 4        | 18300    | 0.9857 | 184   | +156.30  
Sampling  | 16     | 1        | 4        | 18400    | 0.9820 | 198   | +156.30  
Computing | 16     | 1        | 4        | 18400    | 0.9820 | 198   | +156.30  
Sampling  | 16     | 1        | 4        | 18500    | 0.9780 | 210   | +156.28  
Computing | 16     | 1        | 4        | 18500    | 0.9780 | 210   | +156.28  
Sampling  | 16     | 1        | 4        | 18600    | 0.9736 | 225   | +156.27  
Computing | 16     | 1        | 4        | 18600    | 0.9736 | 225   | +156.27  
Sampling  | 16     | 1        | 4        | 18700    | 0.9690 | 241   | +156.25  
Computing | 16     | 1        | 4        | 18700    | 0.9690 | 241   | +156.25  
Sampling  | 16     | 1        | 4        | 18800    | 0.9645 | 261   | +156.25  
Computing | 16     | 1        | 4        | 18800    | 0.9645 | 261   | +156.25  
Sampling  | 16     | 1        | 4        | 18900    | 0.9600 | 283   | +156.26  
Computing | 16     | 1        | 4        | 18900    | 0.9600 | 283   | +156.26  
Sampling  | 16     | 1        | 4        | 19000    | 0.9554 | 298   | +156.27  
Computing | 16     | 1        | 4        | 19000    | 0.9554 | 298   | +156.27  
Bounding  | 16     | 1        | 4        | 19100    | 0.9499 | 313   | +156.26  
Sampling  | 17     | 1        | 4        | 19100    | 0.8660 | 940   | +153.20  
Computing | 17     | 1        | 4        | 19100    | 0.8660 | 940   | +153.20  
Sampling  | 17     | 1        | 4        | 19200    | 0.9441 | 333   | +156.36  
Computing | 17     | 1        | 4        | 19200    | 0.9441 | 333   | +156.36  
Sampling  | 17     | 1        | 4        | 19300    | 0.9345 | 356   | +156.36  
Computing | 17     | 1        | 4        | 19300    | 0.9345 | 356   | +156.36  
Sampling  | 17     | 1        | 4        | 19400    | 0.9240 | 385   | +156.36  
Computing | 17     | 1        | 4        | 19400    | 0.9240 | 385   | +156.36  
Sampling  | 17     | 1        | 4        | 19500    | 0.9145 | 409   | +156.37  
Computing | 17     | 1        | 4        | 19500    | 0.9145 | 409   | +156.37  
Sampling  | 17     | 1        | 4        | 19600    | 0.9047 | 425   | +156.38  
Computing | 17     | 1        | 4        | 19600    | 0.9047 | 425   | +156.38  
Sampling  | 17     | 1        | 4        | 19700    | 0.8940 | 459   | +156.37  
Computing | 17     | 1        | 4        | 19700    | 0.8940 | 459   | +156.37  
Sampling  | 17     | 1        | 4        | 19800    | 0.8837 | 488   | +156.36  
Computing | 17     | 1        | 4        | 19800    | 0.8837 | 488   | +156.36  
Sampling  | 17     | 1        | 4        | 19900    | 0.8725 | 517   | +156.35  
Computing | 17     | 1        | 4        | 19900    | 0.8725 | 517   | +156.35  
Sampling  | 17     | 1        | 4        | 20000    | 0.8635 | 548   | +156.36  
Computing | 17     | 1        | 4        | 20000    | 0.8635 | 548   | +156.36  
Sampling  | 17     | 1        | 4        | 20100    | 0.8522 | 579   | +156.35  
Computing | 17     | 1        | 4        | 20100    | 0.8522 | 579   | +156.35  
Bounding  | 17     | 1        | 4        | 20200    | 0.8412 | 613   | +156.34  
Sampling  | 18     | 1        | 4        | 20200    | 0.6940 | 1553  | +154.43  
Computing | 18     | 1        | 4        | 20200    | 0.6940 | 1553  | +154.43  
Sampling  | 18     | 1        | 4        | 20300    | 0.8124 | 691   | +156.28  
Computing | 18     | 1        | 4        | 20300    | 0.8124 | 691   | +156.28  
Sampling  | 18     | 1        | 4        | 20400    | 0.7946 | 743   | +156.28  
Computing | 18     | 1        | 4        | 20400    | 0.7946 | 743   | +156.28  
Sampling  | 18     | 1        | 4        | 20500    | 0.7776 | 793   | +156.28  
Computing | 18     | 1        | 4        | 20500    | 0.7776 | 793   | +156.28  
Sampling  | 18     | 1        | 4        | 20600    | 0.7641 | 832   | +156.29  
Computing | 18     | 1        | 4        | 20600    | 0.7641 | 832   | +156.29  
Sampling  | 18     | 1        | 4        | 20700    | 0.7498 | 879   | +156.29  
Computing | 18     | 1        | 4        | 20700    | 0.7498 | 879   | +156.29  
Sampling  | 18     | 1        | 4        | 20800    | 0.7349 | 939   | +156.29  
Computing | 18     | 1        | 4        | 20800    | 0.7349 | 939   | +156.29  
Sampling  | 18     | 1        | 4        | 20900    | 0.7259 | 990   | +156.31  
Computing | 18     | 1        | 4        | 20900    | 0.7259 | 990   | +156.31  
Sampling  | 18     | 1        | 4        | 21000    | 0.7150 | 1034  | +156.32  
Computing | 18     | 1        | 4        | 21000    | 0.7150 | 1034  | +156.32  
Sampling  | 18     | 1        | 4        | 21100    | 0.7028 | 1089  | +156.32  
Computing | 18     | 1        | 4        | 21100    | 0.7028 | 1089  | +156.32  
Sampling  | 18     | 1        | 4        | 21200    | 0.6927 | 1136  | +156.33  
Computing | 18     | 1        | 4        | 21200    | 0.6927 | 1136  | +156.33  
Bounding  | 18     | 1        | 4        | 21300    | 0.6830 | 1173  | +156.33  
Sampling  | 19     | 1        | 4        | 21300    | 0.4880 | 2442  | +155.14  
Computing | 19     | 1        | 4        | 21300    | 0.4880 | 2442  | +155.14  
Sampling  | 19     | 1        | 4        | 21400    | 0.6778 | 1233  | +156.38  
Computing | 19     | 1        | 4        | 21400    | 0.6778 | 1233  | +156.38  
Sampling  | 19     | 1        | 4        | 21500    | 0.6601 | 1326  | +156.38  
Computing | 19     | 1        | 4        | 21500    | 0.6601 | 1326  | +156.38  
Sampling  | 19     | 1        | 4        | 21600    | 0.6417 | 1418  | +156.38  
Computing | 19     | 1        | 4        | 21600    | 0.6417 | 1418  | +156.38  
Sampling  | 19     | 1        | 4        | 21700    | 0.6216 | 1532  | +156.37  
Computing | 19     | 1        | 4        | 21700    | 0.6216 | 1532  | +156.37  
Sampling  | 19     | 1        | 4        | 21800    | 0.6065 | 1635  | +156.37  
Computing | 19     | 1        | 4        | 21800    | 0.6065 | 1635  | +156.37  
Sampling  | 19     | 1        | 4        | 21900    | 0.5916 | 1734  | +156.37  
Computing | 19     | 1        | 4        | 21900    | 0.5916 | 1734  | +156.37  
Sampling  | 19     | 1        | 4        | 22000    | 0.5781 | 1840  | +156.37  
Computing | 19     | 1        | 4        | 22000    | 0.5781 | 1840  | +156.37  
Sampling  | 19     | 1        | 4        | 22100    | 0.5659 | 1931  | +156.37  
Computing | 19     | 1        | 4        | 22100    | 0.5659 | 1931  | +156.37  
Sampling  | 19     | 1        | 4        | 22200    | 0.5513 | 2041  | +156.37  
Computing | 19     | 1        | 4        | 22200    | 0.5513 | 2041  | +156.37  
Sampling  | 19     | 1        | 4        | 22300    | 0.5398 | 2137  | +156.36  
Computing | 19     | 1        | 4        | 22300    | 0.5398 | 2137  | +156.36  
Sampling  | 19     | 1        | 4        | 22400    | 0.5285 | 2228  | +156.36  
Computing | 19     | 1        | 4        | 22400    | 0.5285 | 2228  | +156.36  
Bounding  | 19     | 1        | 4        | 22500    | 0.5180 | 2326  | +156.36  
Sampling  | 20     | 1        | 4        | 22500    | 0.3357 | 3550  | +155.62  
Computing | 20     | 1        | 4        | 22500    | 0.3357 | 3550  | +155.62  
Sampling  | 20     | 1        | 4        | 22600    | 0.4870 | 2598  | +156.34  
Computing | 20     | 1        | 4        | 22600    | 0.4870 | 2598  | +156.34  
Sampling  | 20     | 1        | 4        | 22700    | 0.4684 | 2781  | +156.34  
Computing | 20     | 1        | 4        | 22700    | 0.4684 | 2781  | +156.34  
Sampling  | 20     | 1        | 4        | 22800    | 0.4496 | 2966  | +156.33  
Computing | 20     | 1        | 4        | 22800    | 0.4496 | 2966  | +156.33  
Sampling  | 20     | 1        | 4        | 22900    | 0.4328 | 3147  | +156.33  
Computing | 20     | 1        | 4        | 22900    | 0.4328 | 3147  | +156.33  
Sampling  | 20     | 1        | 4        | 23000    | 0.4194 | 3310  | +156.33  
Computing | 20     | 1        | 4        | 23000    | 0.4194 | 3310  | +156.33  
Sampling  | 20     | 1        | 4        | 23100    | 0.4071 | 3470  | +156.34  
Computing | 20     | 1        | 4        | 23100    | 0.4071 | 3470  | +156.34  
Sampling  | 20     | 1        | 4        | 23200    | 0.3942 | 3638  | +156.34  
Computing | 20     | 1        | 4        | 23200    | 0.3942 | 3638  | +156.34  
Sampling  | 20     | 1        | 4        | 23300    | 0.3790 | 3835  | +156.33  
Computing | 20     | 1        | 4        | 23300    | 0.3790 | 3835  | +156.33  
Sampling  | 20     | 1        | 4        | 23400    | 0.3675 | 3998  | +156.32  
Computing | 20     | 1        | 4        | 23400    | 0.3675 | 3998  | +156.32  
Sampling  | 20     | 1        | 4        | 23500    | 0.3568 | 4151  | +156.32  
Computing | 20     | 1        | 4        | 23500    | 0.3568 | 4151  | +156.32  
Bounding  | 20     | 1        | 4        | 23600    | 0.3470 | 4297  | +156.32  
Sampling  | 21     | 1        | 4        | 23600    | 0.2294 | 4617  | +155.90  
Computing | 21     | 1        | 4        | 23600    | 0.2294 | 4617  | +155.90  
Sampling  | 21     | 1        | 4        | 23700    | 0.3513 | 4324  | +156.36  
Computing | 21     | 1        | 4        | 23700    | 0.3513 | 4324  | +156.36  
Sampling  | 21     | 1        | 4        | 23800    | 0.3337 | 4567  | +156.36  
Computing | 21     | 1        | 4        | 23800    | 0.3337 | 4567  | +156.36  
Sampling  | 21     | 1        | 4        | 23900    | 0.3170 | 4808  | +156.36  
Computing | 21     | 1        | 4        | 23900    | 0.3170 | 4808  | +156.36  
Sampling  | 21     | 1        | 4        | 24000    | 0.3024 | 5024  | +156.36  
Computing | 21     | 1        | 4        | 24000    | 0.3024 | 5024  | +156.36  
Sampling  | 21     | 1        | 4        | 24100    | 0.2900 | 5220  | +156.36  
Computing | 21     | 1        | 4        | 24100    | 0.2900 | 5220  | +156.36  
Sampling  | 21     | 1        | 4        | 24200    | 0.2763 | 5427  | +156.35  
Computing | 21     | 1        | 4        | 24200    | 0.2763 | 5427  | +156.35  
Sampling  | 21     | 1        | 4        | 24300    | 0.2657 | 5603  | +156.35  
Computing | 21     | 1        | 4        | 24300    | 0.2657 | 5603  | +156.35  
Sampling  | 21     | 1        | 4        | 24400    | 0.2543 | 5781  | +156.35  
Computing | 21     | 1        | 4        | 24400    | 0.2543 | 5781  | +156.35  
Sampling  | 21     | 1        | 4        | 24500    | 0.2459 | 5924  | +156.35  
Computing | 21     | 1        | 4        | 24500    | 0.2459 | 5924  | +156.35  
Sampling  | 21     | 1        | 4        | 24600    | 0.2379 | 6069  | +156.35  
Computing | 21     | 1        | 4        | 24600    | 0.2379 | 6069  | +156.35  
Bounding  | 21     | 1        | 4        | 24700    | 0.2296 | 6208  | +156.35  
Sampling  | 22     | 1        | 4        | 24700    | 0.1642 | 5676  | +156.08  
Computing | 22     | 1        | 4        | 24700    | 0.1642 | 5676  | +156.08  
Sampling  | 22     | 1        | 4        | 24800    | 0.2031 | 6506  | +156.33  
Computing | 22     | 1        | 4        | 24800    | 0.2031 | 6506  | +156.33  
Sampling  | 22     | 1        | 4        | 24900    | 0.1899 | 6676  | +156.33  
Computing | 22     | 1        | 4        | 24900    | 0.1899 | 6676  | +156.33  
Sampling  | 22     | 1        | 4        | 25000    | 0.1793 | 6820  | +156.33  
Computing | 22     | 1        | 4        | 25000    | 0.1793 | 6820  | +156.33  
Sampling  | 22     | 1        | 4        | 25100    | 0.1692 | 6950  | +156.33  
Computing | 22     | 1        | 4        | 25100    | 0.1692 | 6950  | +156.33  
Sampling  | 22     | 1        | 4        | 25200    | 0.1604 | 7065  | +156.32  
Computing | 22     | 1        | 4        | 25200    | 0.1604 | 7065  | +156.32  
Sampling  | 22     | 1        | 4        | 25300    | 0.1533 | 7167  | +156.32  
Computing | 22     | 1        | 4        | 25300    | 0.1533 | 7167  | +156.32  
Sampling  | 22     | 1        | 4        | 25400    | 0.1468 | 7261  | +156.33  
Computing | 22     | 1        | 4        | 25400    | 0.1468 | 7261  | +156.33  
Sampling  | 22     | 1        | 4        | 25500    | 0.1418 | 7350  | +156.33  
Computing | 22     | 1        | 4        | 25500    | 0.1418 | 7350  | +156.33  
Sampling  | 22     | 1        | 4        | 25600    | 0.1363 | 7431  | +156.33  
Computing | 22     | 1        | 4        | 25600    | 0.1363 | 7431  | +156.33  
Sampling  | 22     | 1        | 4        | 25700    | 0.1316 | 7504  | +156.33  
Computing | 22     | 1        | 4        | 25700    | 0.1316 | 7504  | +156.33  
Bounding  | 22     | 1        | 4        | 25800    | 0.1273 | 7574  | +156.33  
Sampling  | 23     | 1        | 4        | 25800    | 0.1011 | 6591  | +156.19  
Computing | 23     | 1        | 4        | 25800    | 0.1011 | 6591  | +156.19  
Sampling  | 23     | 1        | 4        | 25900    | 0.1249 | 7668  | +156.34  
Computing | 23     | 1        | 4        | 25900    | 0.1249 | 7668  | +156.34  
Sampling  | 23     | 1        | 4        | 26000    | 0.1155 | 7748  | +156.33  
Computing | 23     | 1        | 4        | 26000    | 0.1155 | 7748  | +156.33  
Sampling  | 23     | 1        | 4        | 26100    | 0.1085 | 7818  | +156.33  
Computing | 23     | 1        | 4        | 26100    | 0.1085 | 7818  | +156.33  
Sampling  | 23     | 1        | 4        | 26200    | 0.1015 | 7874  | +156.33  
Computing | 23     | 1        | 4        | 26200    | 0.1015 | 7874  | +156.33  
Sampling  | 23     | 1        | 4        | 26300    | 0.0961 | 7927  | +156.33  
Computing | 23     | 1        | 4        | 26300    | 0.0961 | 7927  | +156.33  
Sampling  | 23     | 1        | 4        | 26400    | 0.0913 | 7973  | +156.33  
Computing | 23     | 1        | 4        | 26400    | 0.0913 | 7973  | +156.33  
Sampling  | 23     | 1        | 4        | 26500    | 0.0863 | 8010  | +156.33  
Computing | 23     | 1        | 4        | 26500    | 0.0863 | 8010  | +156.33  
Sampling  | 23     | 1        | 4        | 26600    | 0.0825 | 8048  | +156.33  
Computing | 23     | 1        | 4        | 26600    | 0.0825 | 8048  | +156.33  
Sampling  | 23     | 1        | 4        | 26700    | 0.0786 | 8077  | +156.33  
Computing | 23     | 1        | 4        | 26700    | 0.0786 | 8077  | +156.33  
Sampling  | 23     | 1        | 4        | 26800    | 0.0754 | 8107  | +156.33  
Computing | 23     | 1        | 4        | 26800    | 0.0754 | 8107  | +156.33  
Sampling  | 23     | 1        | 4        | 26900    | 0.0720 | 8128  | +156.33  
Computing | 23     | 1        | 4        | 26900    | 0.0720 | 8128  | +156.33  
Bounding  | 23     | 1        | 4        | 27000    | 0.0693 | 8153  | +156.33  
Sampling  | 24     | 1        | 4        | 27000    | 0.0600 | 7319  | +156.26  
Computing | 24     | 1        | 4        | 27000    | 0.0600 | 7319  | +156.26  
Sampling  | 24     | 1        | 4        | 27100    | 0.0630 | 8165  | +156.33  
Computing | 24     | 1        | 4        | 27100    | 0.0630 | 8165  | +156.33  
Sampling  | 24     | 1        | 4        | 27200    | 0.0591 | 8191  | +156.33  
Computing | 24     | 1        | 4        | 27200    | 0.0591 | 8191  | +156.33  
Sampling  | 24     | 1        | 4        | 27300    | 0.0554 | 8210  | +156.33  
Computing | 24     | 1        | 4        | 27300    | 0.0554 | 8210  | +156.33  
Sampling  | 24     | 1        | 4        | 27400    | 0.0526 | 8235  | +156.33  
Computing | 24     | 1        | 4        | 27400    | 0.0526 | 8235  | +156.33  
Sampling  | 24     | 1        | 4        | 27500    | 0.0496 | 8250  | +156.33  
Computing | 24     | 1        | 4        | 27500    | 0.0496 | 8250  | +156.33  
Sampling  | 24     | 1        | 4        | 27600    | 0.0475 | 8270  | +156.33  
Computing | 24     | 1        | 4        | 27600    | 0.0475 | 8270  | +156.33  
Sampling  | 24     | 1        | 4        | 27700    | 0.0451 | 8284  | +156.33  
Computing | 24     | 1        | 4        | 27700    | 0.0451 | 8284  | +156.33  
Sampling  | 24     | 1        | 4        | 27800    | 0.0431 | 8298  | +156.33  
Computing | 24     | 1        | 4        | 27800    | 0.0431 | 8298  | +156.33  
Sampling  | 24     | 1        | 4        | 27900    | 0.0412 | 8309  | +156.33  
Computing | 24     | 1        | 4        | 27900    | 0.0412 | 8309  | +156.33  
Sampling  | 24     | 1        | 4        | 28000    | 0.0394 | 8317  | +156.33  
Computing | 24     | 1        | 4        | 28000    | 0.0394 | 8317  | +156.33  
Sampling  | 24     | 1        | 4        | 28100    | 0.0379 | 8325  | +156.33  
Computing | 24     | 1        | 4        | 28100    | 0.0379 | 8325  | +156.33  
Sampling  | 24     | 1        | 4        | 28200    | 0.0364 | 8333  | +156.33  
Computing | 24     | 1        | 4        | 28200    | 0.0364 | 8333  | +156.33  
Bounding  | 24     | 1        | 4        | 28300    | 0.0345 | 8327  | +156.33  
Sampling  | 25     | 1        | 4        | 28300    | 0.0329 | 7807  | +156.29  
Computing | 25     | 1        | 4        | 28300    | 0.0329 | 7807  | +156.29  
Sampling  | 25     | 1        | 4        | 28400    | 0.0320 | 8331  | +156.33  
Computing | 25     | 1        | 4        | 28400    | 0.0320 | 8331  | +156.33  
Sampling  | 25     | 1        | 4        | 28500    | 0.0297 | 8333  | +156.33  
Computing | 25     | 1        | 4        | 28500    | 0.0297 | 8333  | +156.33  
Sampling  | 25     | 1        | 4        | 28600    | 0.0283 | 8345  | +156.33  
Computing | 25     | 1        | 4        | 28600    | 0.0283 | 8345  | +156.33  
Sampling  | 25     | 1        | 4        | 28700    | 0.0267 | 8349  | +156.33  
Computing | 25     | 1        | 4        | 28700    | 0.0267 | 8349  | +156.33  
Sampling  | 25     | 1        | 4        | 28800    | 0.0251 | 8352  | +156.33  
Computing | 25     | 1        | 4        | 28800    | 0.0251 | 8352  | +156.33  
Sampling  | 25     | 1        | 4        | 28900    | 0.0239 | 8358  | +156.33  
Computing | 25     | 1        | 4        | 28900    | 0.0239 | 8358  | +156.33  
Sampling  | 25     | 1        | 4        | 29000    | 0.0226 | 8358  | +156.33  
Computing | 25     | 1        | 4        | 29000    | 0.0226 | 8358  | +156.33  
Sampling  | 25     | 1        | 4        | 29100    | 0.0214 | 8358  | +156.33  
Computing | 25     | 1        | 4        | 29100    | 0.0214 | 8358  | +156.33  
Sampling  | 25     | 1        | 4        | 29200    | 0.0205 | 8364  | +156.33  
Computing | 25     | 1        | 4        | 29200    | 0.0205 | 8364  | +156.33  
Sampling  | 25     | 1        | 4        | 29300    | 0.0196 | 8365  | +156.33  
Computing | 25     | 1        | 4        | 29300    | 0.0196 | 8365  | +156.33  
Sampling  | 25     | 1        | 4        | 29400    | 0.0187 | 8366  | +156.33  
Computing | 25     | 1        | 4        | 29400    | 0.0187 | 8366  | +156.33  
Sampling  | 25     | 1        | 4        | 29500    | 0.0179 | 8367  | +156.33  
Computing | 25     | 1        | 4        | 29500    | 0.0179 | 8367  | +156.33  
Bounding  | 25     | 1        | 4        | 29600    | 0.0172 | 8367  | +156.33  
Sampling  | 26     | 1        | 4        | 29600    | 0.0185 | 8073  | +156.31  
Computing | 26     | 1        | 4        | 29600    | 0.0185 | 8073  | +156.31  
Sampling  | 26     | 1        | 4        | 29700    | 0.0160 | 8365  | +156.33  
Computing | 26     | 1        | 4        | 29700    | 0.0160 | 8365  | +156.33  
Sampling  | 26     | 1        | 4        | 29800    | 0.0150 | 8367  | +156.33  
Computing | 26     | 1        | 4        | 29800    | 0.0150 | 8367  | +156.33  
Sampling  | 26     | 1        | 4        | 29900    | 0.0142 | 8368  | +156.33  
Computing | 26     | 1        | 4        | 29900    | 0.0142 | 8368  | +156.33  
Sampling  | 26     | 1        | 4        | 30000    | 0.0135 | 8369  | +156.33  
Computing | 26     | 1        | 4        | 30000    | 0.0135 | 8369  | +156.33  
Sampling  | 26     | 1        | 4        | 30100    | 0.0128 | 8372  | +156.33  
Computing | 26     | 1        | 4        | 30100    | 0.0128 | 8372  | +156.33  
Sampling  | 26     | 1        | 4        | 30200    | 0.0122 | 8373  | +156.33  
Computing | 26     | 1        | 4        | 30200    | 0.0122 | 8373  | +156.33  
Sampling  | 26     | 1        | 4        | 30300    | 0.0116 | 8374  | +156.33  
Computing | 26     | 1        | 4        | 30300    | 0.0116 | 8374  | +156.33  
Sampling  | 26     | 1        | 4        | 30400    | 0.0111 | 8374  | +156.33  
Computing | 26     | 1        | 4        | 30400    | 0.0111 | 8374  | +156.33  
Sampling  | 26     | 1        | 4        | 30500    | 0.0105 | 8374  | +156.33  
Computing | 26     | 1        | 4        | 30500    | 0.0105 | 8374  | +156.33  
Sampling  | 26     | 1        | 4        | 30600    | 0.0101 | 8374  | +156.33  
Computing | 26     | 1        | 4        | 30600    | 0.0101 | 8374  | +156.33  
Finished  | 26     | 1        | 4        | 30700    | N/A    | 8374  | +156.33  
      sampling wall clock: 615.8 s (rundir=pe_runs/IntrinsicAlignedSpinIASPrior/GW0/run_0)
[5/5] Loading samples and computing summary statistics...

=== Aligned-spin parameter estimation: results ===
mchirp_guess = 21.23844134253563
reference-waveform fit SNR = 18.671

par_dic_0 (reference waveform):
  d_luminosity = 758.2524954654299
  dec = -0.37951463616181685
  f_ref = 100.0
  iota = 2.141592653589793
  l1 = 0.0
  l2 = 0.0
  m1 = 161.1374687779071
  m2 = 11.027163055520557
  phi_ref = -1.03093296596305
  psi = 0.0
  ra = 2.1204851620291834
  s1x_n = 0.0
  s1y_n = 0.0
  s1z = 0.989398162125946
  s2x_n = 0.0
  s2y_n = 0.0
  s2z = 0.989398162125946
  t_geocenter = 1.542723663874643

posterior medians (+/- Monte-Carlo standard error of the median):
  m1 = 157.357 +/- 0.0551
  m2 = 10.0115 +/- 0.00695
  s1z = 0.98842 +/- 0.0001
  s2z = 0.0593485 +/- 0.00758
  d_luminosity = 1007.04 +/- 2.52
  ra = 2.13559 +/- 0.000645
  dec = -0.396246 +/- 0.000864
  phi_ref = 3.13608 +/- 0.0248
  psi = 1.56564 +/- 0.0123
  iota = 2.56177 +/- 0.00376
  t_geocenter = 1.54429 +/- 2.56e-05
  lnl = 202.923 +/- 0.0307

log evidence: lnZ = 156.3293 +/- 0.0109 (n_eff_nautilus = 8373.8)
n_samples = 30700, n_effective = 8373.8

sampling wall clock: 615.8 s
total wall clock:    646.1 s

Wrote results to cli_results.json
