[1/5] Simulating event (seed=1)...
[2/5] Estimating mchirp_guess from the whitened-strain f^(-8/3) fit...
      mchirp_guess = 21.23844134253563
[3/5] Finding reference waveform (likelihood maximization; approximant=IMRPhenomXAS, prior_class=IntrinsicAlignedSpinIASPrior)...
Searching incoherent solution for GW1
Set intrinsic parameters, lnL = 21.844041792104274
Set time, lnL(L) = 14.406503253770035
Set sky location, lnL = 17.434110113046188
Set phase and distance, lnL = 17.434110113046188
Set mchirp_range = (np.float64(9.615868829851735), np.float64(97.08200823500712))
      reference-waveform fit SNR estimate: nan (expect ~24.8; ~3 would mean the minimize_scalar bug is present)
[4/5] Sampling the posterior (Nautilus, n_live=1000, n_eff=2000)...
Starting the nautilus sampler...
Please report issues at github.com/johannesulf/nautilus.
Status    | Bounds | Ellipses | Networks | Calls    | f_live | N_eff | log Z    
Sampling  | 1      | 0        | 0        | 0        | 1.0000 | 0     | N/A      
Computing | 1      | 0        | 0        | 0        | 1.0000 | 0     | N/A      
Sampling  | 1      | 0        | 0        | 100      | 1.0000 | 80    | -8.49    
Computing | 1      | 0        | 0        | 100      | 1.0000 | 80    | -8.49    
Sampling  | 1      | 0        | 0        | 200      | 1.0000 | 160   | -8.50    
Computing | 1      | 0        | 0        | 200      | 1.0000 | 160   | -8.50    
Sampling  | 1      | 0        | 0        | 300      | 1.0000 | 240   | -8.51    
Computing | 1      | 0        | 0        | 300      | 1.0000 | 240   | -8.51    
Sampling  | 1      | 0        | 0        | 400      | 1.0000 | 320   | -8.50    
Computing | 1      | 0        | 0        | 400      | 1.0000 | 320   | -8.50    
Sampling  | 1      | 0        | 0        | 500      | 1.0000 | 400   | -8.49    
Computing | 1      | 0        | 0        | 500      | 1.0000 | 400   | -8.49    
Sampling  | 1      | 0        | 0        | 600      | 1.0000 | 481   | -8.48    
Computing | 1      | 0        | 0        | 600      | 1.0000 | 481   | -8.48    
Sampling  | 1      | 0        | 0        | 700      | 1.0000 | 566   | -8.48    
Computing | 1      | 0        | 0        | 700      | 1.0000 | 566   | -8.48    
Sampling  | 1      | 0        | 0        | 800      | 1.0000 | 649   | -8.48    
Computing | 1      | 0        | 0        | 800      | 1.0000 | 649   | -8.48    
Sampling  | 1      | 0        | 0        | 900      | 1.0000 | 728   | -8.48    
Computing | 1      | 0        | 0        | 900      | 1.0000 | 728   | -8.48    
Sampling  | 1      | 0        | 0        | 1000     | 1.0000 | 808   | -8.49    
Computing | 1      | 0        | 0        | 1000     | 1.0000 | 808   | -8.49    
Sampling  | 1      | 0        | 0        | 1100     | 0.9744 | 890   | -8.49    
Computing | 1      | 0        | 0        | 1100     | 0.9744 | 890   | -8.49    
Sampling  | 1      | 0        | 0        | 1200     | 0.9399 | 972   | -8.49    
Computing | 1      | 0        | 0        | 1200     | 0.9399 | 972   | -8.49    
Sampling  | 1      | 0        | 0        | 1300     | 0.9035 | 1053  | -8.48    
Computing | 1      | 0        | 0        | 1300     | 0.9035 | 1053  | -8.48    
Sampling  | 1      | 0        | 0        | 1400     | 0.8693 | 1131  | -8.48    
Computing | 1      | 0        | 0        | 1400     | 0.8693 | 1131  | -8.48    
Sampling  | 1      | 0        | 0        | 1500     | 0.8371 | 1211  | -8.48    
Computing | 1      | 0        | 0        | 1500     | 0.8371 | 1211  | -8.48    
Sampling  | 1      | 0        | 0        | 1600     | 0.8075 | 1288  | -8.49    
Computing | 1      | 0        | 0        | 1600     | 0.8075 | 1288  | -8.49    
Sampling  | 1      | 0        | 0        | 1700     | 0.7783 | 1367  | -8.49    
Computing | 1      | 0        | 0        | 1700     | 0.7783 | 1367  | -8.49    
Sampling  | 1      | 0        | 0        | 1800     | 0.7510 | 1446  | -8.49    
Computing | 1      | 0        | 0        | 1800     | 0.7510 | 1446  | -8.49    
Sampling  | 1      | 0        | 0        | 1900     | 0.7254 | 1527  | -8.49    
Computing | 1      | 0        | 0        | 1900     | 0.7254 | 1527  | -8.49    
Bounding  | 1      | 0        | 0        | 2000     | 0.7008 | 1607  | -8.49    
Sampling  | 2      | 1        | 4        | 2000     | 0.9997 | 884   | -9.68    
Computing | 2      | 1        | 4        | 2000     | 0.9997 | 884   | -9.68    
Sampling  | 2      | 1        | 4        | 2100     | 0.6595 | 1730  | -8.48    
Computing | 2      | 1        | 4        | 2100     | 0.6595 | 1730  | -8.48    
Sampling  | 2      | 1        | 4        | 2200     | 0.6201 | 1855  | -8.48    
Computing | 2      | 1        | 4        | 2200     | 0.6201 | 1855  | -8.48    
Sampling  | 2      | 1        | 4        | 2300     | 0.5846 | 1975  | -8.48    
Computing | 2      | 1        | 4        | 2300     | 0.5846 | 1975  | -8.48    
Sampling  | 2      | 1        | 4        | 2400     | 0.5530 | 2093  | -8.48    
Computing | 2      | 1        | 4        | 2400     | 0.5530 | 2093  | -8.48    
Sampling  | 2      | 1        | 4        | 2500     | 0.5239 | 2212  | -8.48    
Computing | 2      | 1        | 4        | 2500     | 0.5239 | 2212  | -8.48    
Sampling  | 2      | 1        | 4        | 2600     | 0.4984 | 2325  | -8.48    
Computing | 2      | 1        | 4        | 2600     | 0.4984 | 2325  | -8.48    
Sampling  | 2      | 1        | 4        | 2700     | 0.4761 | 2433  | -8.48    
Computing | 2      | 1        | 4        | 2700     | 0.4761 | 2433  | -8.48    
Sampling  | 2      | 1        | 4        | 2800     | 0.4556 | 2540  | -8.48    
Computing | 2      | 1        | 4        | 2800     | 0.4556 | 2540  | -8.48    
Sampling  | 2      | 1        | 4        | 2900     | 0.4370 | 2642  | -8.48    
Computing | 2      | 1        | 4        | 2900     | 0.4370 | 2642  | -8.48    
Sampling  | 2      | 1        | 4        | 3000     | 0.4197 | 2743  | -8.48    
Computing | 2      | 1        | 4        | 3000     | 0.4197 | 2743  | -8.48    
Bounding  | 2      | 1        | 4        | 3100     | 0.4035 | 2841  | -8.48    
Sampling  | 3      | 1        | 4        | 3100     | 0.5033 | 1887  | -9.02    
Computing | 3      | 1        | 4        | 3100     | 0.5033 | 1887  | -9.02    
Sampling  | 3      | 1        | 4        | 3200     | 0.3862 | 2953  | -8.46    
Computing | 3      | 1        | 4        | 3200     | 0.3862 | 2953  | -8.46    
Sampling  | 3      | 1        | 4        | 3300     | 0.3628 | 3072  | -8.46    
Computing | 3      | 1        | 4        | 3300     | 0.3628 | 3072  | -8.46    
Sampling  | 3      | 1        | 4        | 3400     | 0.3427 | 3179  | -8.46    
Computing | 3      | 1        | 4        | 3400     | 0.3427 | 3179  | -8.46    
Sampling  | 3      | 1        | 4        | 3500     | 0.3246 | 3279  | -8.46    
Computing | 3      | 1        | 4        | 3500     | 0.3246 | 3279  | -8.46    
Sampling  | 3      | 1        | 4        | 3600     | 0.3079 | 3371  | -8.46    
Computing | 3      | 1        | 4        | 3600     | 0.3079 | 3371  | -8.46    
Sampling  | 3      | 1        | 4        | 3700     | 0.2907 | 3455  | -8.46    
Computing | 3      | 1        | 4        | 3700     | 0.2907 | 3455  | -8.46    
Sampling  | 3      | 1        | 4        | 3800     | 0.2760 | 3535  | -8.46    
Computing | 3      | 1        | 4        | 3800     | 0.2760 | 3535  | -8.46    
Sampling  | 3      | 1        | 4        | 3900     | 0.2637 | 3608  | -8.46    
Computing | 3      | 1        | 4        | 3900     | 0.2637 | 3608  | -8.46    
Sampling  | 3      | 1        | 4        | 4000     | 0.2522 | 3677  | -8.46    
Computing | 3      | 1        | 4        | 4000     | 0.2522 | 3677  | -8.46    
Sampling  | 3      | 1        | 4        | 4100     | 0.2418 | 3740  | -8.46    
Computing | 3      | 1        | 4        | 4100     | 0.2418 | 3740  | -8.46    
Sampling  | 3      | 1        | 4        | 4200     | 0.2321 | 3799  | -8.47    
Computing | 3      | 1        | 4        | 4200     | 0.2321 | 3799  | -8.47    
Sampling  | 3      | 1        | 4        | 4300     | 0.2240 | 3859  | -8.46    
Computing | 3      | 1        | 4        | 4300     | 0.2240 | 3859  | -8.46    
Bounding  | 3      | 1        | 4        | 4400     | 0.2161 | 3913  | -8.46    
Sampling  | 4      | 1        | 4        | 4400     | 0.2458 | 2832  | -8.74    
Computing | 4      | 1        | 4        | 4400     | 0.2458 | 2832  | -8.74    
Sampling  | 4      | 1        | 4        | 4500     | 0.2039 | 3979  | -8.46    
Computing | 4      | 1        | 4        | 4500     | 0.2039 | 3979  | -8.46    
Sampling  | 4      | 1        | 4        | 4600     | 0.1905 | 4027  | -8.47    
Computing | 4      | 1        | 4        | 4600     | 0.1905 | 4027  | -8.47    
Sampling  | 4      | 1        | 4        | 4700     | 0.1798 | 4074  | -8.47    
Computing | 4      | 1        | 4        | 4700     | 0.1798 | 4074  | -8.47    
Sampling  | 4      | 1        | 4        | 4800     | 0.1697 | 4112  | -8.47    
Computing | 4      | 1        | 4        | 4800     | 0.1697 | 4112  | -8.47    
Sampling  | 4      | 1        | 4        | 4900     | 0.1608 | 4151  | -8.47    
Computing | 4      | 1        | 4        | 4900     | 0.1608 | 4151  | -8.47    
Sampling  | 4      | 1        | 4        | 5000     | 0.1520 | 4178  | -8.47    
Computing | 4      | 1        | 4        | 5000     | 0.1520 | 4178  | -8.47    
Sampling  | 4      | 1        | 4        | 5100     | 0.1446 | 4208  | -8.47    
Computing | 4      | 1        | 4        | 5100     | 0.1446 | 4208  | -8.47    
Sampling  | 4      | 1        | 4        | 5200     | 0.1383 | 4236  | -8.47    
Computing | 4      | 1        | 4        | 5200     | 0.1383 | 4236  | -8.47    
Sampling  | 4      | 1        | 4        | 5300     | 0.1321 | 4258  | -8.47    
Computing | 4      | 1        | 4        | 5300     | 0.1321 | 4258  | -8.47    
Sampling  | 4      | 1        | 4        | 5400     | 0.1263 | 4282  | -8.47    
Computing | 4      | 1        | 4        | 5400     | 0.1263 | 4282  | -8.47    
Sampling  | 4      | 1        | 4        | 5500     | 0.1200 | 4294  | -8.47    
Computing | 4      | 1        | 4        | 5500     | 0.1200 | 4294  | -8.47    
Sampling  | 4      | 1        | 4        | 5600     | 0.1155 | 4314  | -8.47    
Computing | 4      | 1        | 4        | 5600     | 0.1155 | 4314  | -8.47    
Sampling  | 4      | 1        | 4        | 5700     | 0.1115 | 4331  | -8.47    
Computing | 4      | 1        | 4        | 5700     | 0.1115 | 4331  | -8.47    
Bounding  | 4      | 1        | 4        | 5800     | 0.1077 | 4348  | -8.47    
Sampling  | 5      | 1        | 4        | 5800     | 0.1181 | 3558  | -8.60    
Computing | 5      | 1        | 4        | 5800     | 0.1181 | 3558  | -8.60    
Sampling  | 5      | 1        | 4        | 5900     | 0.1017 | 4372  | -8.47    
Computing | 5      | 1        | 4        | 5900     | 0.1017 | 4372  | -8.47    
Sampling  | 5      | 1        | 4        | 6000     | 0.0957 | 4386  | -8.47    
Computing | 5      | 1        | 4        | 6000     | 0.0957 | 4386  | -8.47    
Sampling  | 5      | 1        | 4        | 6100     | 0.0906 | 4404  | -8.47    
Computing | 5      | 1        | 4        | 6100     | 0.0906 | 4404  | -8.47    
Sampling  | 5      | 1        | 4        | 6200     | 0.0863 | 4421  | -8.47    
Computing | 5      | 1        | 4        | 6200     | 0.0863 | 4421  | -8.47    
Sampling  | 5      | 1        | 4        | 6300     | 0.0818 | 4433  | -8.47    
Computing | 5      | 1        | 4        | 6300     | 0.0818 | 4433  | -8.47    
Sampling  | 5      | 1        | 4        | 6400     | 0.0782 | 4447  | -8.47    
Computing | 5      | 1        | 4        | 6400     | 0.0782 | 4447  | -8.47    
Sampling  | 5      | 1        | 4        | 6500     | 0.0750 | 4461  | -8.47    
Computing | 5      | 1        | 4        | 6500     | 0.0750 | 4461  | -8.47    
Sampling  | 5      | 1        | 4        | 6600     | 0.0716 | 4469  | -8.47    
Computing | 5      | 1        | 4        | 6600     | 0.0716 | 4469  | -8.47    
Sampling  | 5      | 1        | 4        | 6700     | 0.0678 | 4469  | -8.47    
Computing | 5      | 1        | 4        | 6700     | 0.0678 | 4469  | -8.47    
Sampling  | 5      | 1        | 4        | 6800     | 0.0651 | 4476  | -8.47    
Computing | 5      | 1        | 4        | 6800     | 0.0651 | 4476  | -8.47    
Sampling  | 5      | 1        | 4        | 6900     | 0.0623 | 4479  | -8.47    
Computing | 5      | 1        | 4        | 6900     | 0.0623 | 4479  | -8.47    
Sampling  | 5      | 1        | 4        | 7000     | 0.0602 | 4488  | -8.47    
Computing | 5      | 1        | 4        | 7000     | 0.0602 | 4488  | -8.47    
Sampling  | 5      | 1        | 4        | 7100     | 0.0583 | 4500  | -8.47    
Computing | 5      | 1        | 4        | 7100     | 0.0583 | 4500  | -8.47    
Sampling  | 5      | 1        | 4        | 7200     | 0.0566 | 4508  | -8.47    
Computing | 5      | 1        | 4        | 7200     | 0.0566 | 4508  | -8.47    
Bounding  | 5      | 1        | 4        | 7300     | 0.0545 | 4509  | -8.47    
Sampling  | 6      | 1        | 4        | 7300     | 0.0604 | 3984  | -8.54    
Computing | 6      | 1        | 4        | 7300     | 0.0604 | 3984  | -8.54    
Sampling  | 6      | 1        | 4        | 7400     | 0.0519 | 4513  | -8.47    
Computing | 6      | 1        | 4        | 7400     | 0.0519 | 4513  | -8.47    
Sampling  | 6      | 1        | 4        | 7500     | 0.0488 | 4513  | -8.47    
Computing | 6      | 1        | 4        | 7500     | 0.0488 | 4513  | -8.47    
Sampling  | 6      | 1        | 4        | 7600     | 0.0467 | 4520  | -8.47    
Computing | 6      | 1        | 4        | 7600     | 0.0467 | 4520  | -8.47    
Sampling  | 6      | 1        | 4        | 7700     | 0.0442 | 4522  | -8.47    
Computing | 6      | 1        | 4        | 7700     | 0.0442 | 4522  | -8.47    
Sampling  | 6      | 1        | 4        | 7800     | 0.0422 | 4529  | -8.47    
Computing | 6      | 1        | 4        | 7800     | 0.0422 | 4529  | -8.47    
Sampling  | 6      | 1        | 4        | 7900     | 0.0401 | 4529  | -8.47    
Computing | 6      | 1        | 4        | 7900     | 0.0401 | 4529  | -8.47    
Sampling  | 6      | 1        | 4        | 8000     | 0.0384 | 4531  | -8.47    
Computing | 6      | 1        | 4        | 8000     | 0.0384 | 4531  | -8.47    
Sampling  | 6      | 1        | 4        | 8100     | 0.0368 | 4533  | -8.47    
Computing | 6      | 1        | 4        | 8100     | 0.0368 | 4533  | -8.47    
Sampling  | 6      | 1        | 4        | 8200     | 0.0353 | 4535  | -8.47    
Computing | 6      | 1        | 4        | 8200     | 0.0353 | 4535  | -8.47    
Sampling  | 6      | 1        | 4        | 8300     | 0.0339 | 4537  | -8.47    
Computing | 6      | 1        | 4        | 8300     | 0.0339 | 4537  | -8.47    
Sampling  | 6      | 1        | 4        | 8400     | 0.0329 | 4545  | -8.47    
Computing | 6      | 1        | 4        | 8400     | 0.0329 | 4545  | -8.47    
Sampling  | 6      | 1        | 4        | 8500     | 0.0318 | 4547  | -8.47    
Computing | 6      | 1        | 4        | 8500     | 0.0318 | 4547  | -8.47    
Sampling  | 6      | 1        | 4        | 8600     | 0.0307 | 4548  | -8.47    
Computing | 6      | 1        | 4        | 8600     | 0.0307 | 4548  | -8.47    
Sampling  | 6      | 1        | 4        | 8700     | 0.0296 | 4551  | -8.47    
Computing | 6      | 1        | 4        | 8700     | 0.0296 | 4551  | -8.47    
Sampling  | 6      | 1        | 4        | 8800     | 0.0285 | 4551  | -8.47    
Computing | 6      | 1        | 4        | 8800     | 0.0285 | 4551  | -8.47    
Sampling  | 6      | 1        | 4        | 8900     | 0.0277 | 4553  | -8.47    
Computing | 6      | 1        | 4        | 8900     | 0.0277 | 4553  | -8.47    
Sampling  | 6      | 1        | 4        | 9000     | 0.0267 | 4552  | -8.47    
Computing | 6      | 1        | 4        | 9000     | 0.0267 | 4552  | -8.47    
Bounding  | 6      | 1        | 4        | 9100     | 0.0259 | 4552  | -8.47    
Sampling  | 7      | 1        | 8        | 9100     | 0.0301 | 4266  | -8.50    
Computing | 7      | 1        | 8        | 9100     | 0.0301 | 4266  | -8.50    
Sampling  | 7      | 1        | 8        | 9200     | 0.0252 | 4561  | -8.47    
Computing | 7      | 1        | 8        | 9200     | 0.0252 | 4561  | -8.47    
Sampling  | 7      | 1        | 8        | 9300     | 0.0239 | 4562  | -8.47    
Computing | 7      | 1        | 8        | 9300     | 0.0239 | 4562  | -8.47    
Sampling  | 7      | 1        | 8        | 9400     | 0.0229 | 4563  | -8.47    
Computing | 7      | 1        | 8        | 9400     | 0.0229 | 4563  | -8.47    
Sampling  | 7      | 1        | 8        | 9500     | 0.0217 | 4561  | -8.47    
Computing | 7      | 1        | 8        | 9500     | 0.0217 | 4561  | -8.47    
Sampling  | 7      | 1        | 8        | 9600     | 0.0207 | 4561  | -8.47    
Computing | 7      | 1        | 8        | 9600     | 0.0207 | 4561  | -8.47    
Sampling  | 7      | 1        | 8        | 9700     | 0.0197 | 4559  | -8.47    
Computing | 7      | 1        | 8        | 9700     | 0.0197 | 4559  | -8.47    
Sampling  | 7      | 1        | 8        | 9800     | 0.0187 | 4557  | -8.47    
Computing | 7      | 1        | 8        | 9800     | 0.0187 | 4557  | -8.47    
Sampling  | 7      | 1        | 8        | 9900     | 0.0179 | 4556  | -8.47    
Computing | 7      | 1        | 8        | 9900     | 0.0179 | 4556  | -8.47    
Sampling  | 7      | 1        | 8        | 10000    | 0.0173 | 4557  | -8.47    
Computing | 7      | 1        | 8        | 10000    | 0.0173 | 4557  | -8.47    
Sampling  | 7      | 1        | 8        | 10100    | 0.0166 | 4556  | -8.47    
Computing | 7      | 1        | 8        | 10100    | 0.0166 | 4556  | -8.47    
Sampling  | 7      | 1        | 8        | 10200    | 0.0162 | 4559  | -8.47    
Computing | 7      | 1        | 8        | 10200    | 0.0162 | 4559  | -8.47    
Sampling  | 7      | 1        | 8        | 10300    | 0.0156 | 4560  | -8.47    
Computing | 7      | 1        | 8        | 10300    | 0.0156 | 4560  | -8.47    
Sampling  | 7      | 1        | 8        | 10400    | 0.0150 | 4558  | -8.47    
Computing | 7      | 1        | 8        | 10400    | 0.0150 | 4558  | -8.47    
Sampling  | 7      | 1        | 8        | 10500    | 0.0145 | 4558  | -8.47    
Computing | 7      | 1        | 8        | 10500    | 0.0145 | 4558  | -8.47    
Sampling  | 7      | 1        | 8        | 10600    | 0.0140 | 4557  | -8.47    
Computing | 7      | 1        | 8        | 10600    | 0.0140 | 4557  | -8.47    
Sampling  | 7      | 1        | 8        | 10700    | 0.0135 | 4557  | -8.47    
Computing | 7      | 1        | 8        | 10700    | 0.0135 | 4557  | -8.47    
Sampling  | 7      | 1        | 8        | 10800    | 0.0132 | 4558  | -8.47    
Computing | 7      | 1        | 8        | 10800    | 0.0132 | 4558  | -8.47    
Sampling  | 7      | 1        | 8        | 10900    | 0.0127 | 4557  | -8.47    
Computing | 7      | 1        | 8        | 10900    | 0.0127 | 4557  | -8.47    
Sampling  | 7      | 1        | 8        | 11000    | 0.0124 | 4558  | -8.47    
Computing | 7      | 1        | 8        | 11000    | 0.0124 | 4558  | -8.47    
Sampling  | 7      | 1        | 8        | 11100    | 0.0121 | 4557  | -8.47    
Computing | 7      | 1        | 8        | 11100    | 0.0121 | 4557  | -8.47    
Bounding  | 7      | 1        | 8        | 11200    | 0.0118 | 4557  | -8.47    
Sampling  | 8      | 1        | 8        | 11200    | 0.0152 | 4407  | -8.49    
Computing | 8      | 1        | 8        | 11200    | 0.0152 | 4407  | -8.49    
Sampling  | 8      | 1        | 8        | 11300    | 0.0113 | 4557  | -8.47    
Computing | 8      | 1        | 8        | 11300    | 0.0113 | 4557  | -8.47    
Sampling  | 8      | 1        | 8        | 11400    | 0.0108 | 4557  | -8.47    
Computing | 8      | 1        | 8        | 11400    | 0.0108 | 4557  | -8.47    
Sampling  | 8      | 1        | 8        | 11500    | 0.0103 | 4556  | -8.47    
Computing | 8      | 1        | 8        | 11500    | 0.0103 | 4556  | -8.47    
Finished  | 8      | 1        | 8        | 11600    | N/A    | 4556  | -8.47    
      sampling wall clock: 300.1 s (rundir=pe_runs/IntrinsicAlignedSpinIASPrior/GW1/run_0)
[5/5] Loading samples and computing summary statistics...

=== Parameter estimation (aligned-spin): results ===
approximant = IMRPhenomXAS, prior_class = IntrinsicAlignedSpinIASPrior
mchirp_guess = 21.23844134253563
reference-waveform fit SNR = nan

par_dic_0 (reference waveform):
  d_luminosity = 1781.4968655330856
  dec = 0.03834196130880761
  f_ref = 100.0
  iota = 1.0
  l1 = 0.0
  l2 = 0.0
  m1 = 71.96114952814354
  m2 = 13.37756159751556
  phi_ref = 0.2781270452267593
  psi = 0.0
  ra = 4.222808011416021
  s1x_n = 0.0
  s1y_n = 0.0
  s1z = 0.749057539136953
  s2x_n = 0.0
  s2y_n = 0.0
  s2z = 0.749057539136953
  t_geocenter = 1.548357092114151

posterior medians (+/- Monte-Carlo standard error of the median):
  m1 = 165.588 +/- 2.27
  m2 = 32.5835 +/- 0.39
  s1z = -0.0119212 +/- 0.012
  s2z = -0.0293172 +/- 0.0113
  d_luminosity = 12202.1 +/- 48.5
  ra = 3.04283 +/- 0.0332
  dec = 0.00868467 +/- 0.0128
  phi_ref = 3.18047 +/- 0.0337
  psi = 1.57563 +/- 0.0167
  iota = 1.58775 +/- 0.0118
  t_geocenter = 1.47051 +/- 0.00207
  lnl = 0.351492 +/- 0.032

log evidence: lnZ = -8.4685 +/- 0.0148 (n_eff_nautilus = 4556.2)
n_samples = 11600, n_effective = 4556.2

sampling wall clock: 300.1 s
total wall clock:    340.1 s

Wrote results to runs/cli_run/cli_results_seed1.json
/opt/conda/envs/pe/lib/python3.12/site-packages/cogwheel/likelihood/reference_waveform_finder.py:546: UserWarning: Reached maximum `mchirp_range` expansions.
  warnings.warn('Reached maximum `mchirp_range` expansions.')
/workspaces/gw-day3-pe/pitp-pe-exercises/2-parameter_estimation/pe.py:170: RuntimeWarning: invalid value encountered in sqrt
  return float(np.sqrt(2 * lnl_0))
